Hello World File b


Dell@NTR MINGW64 /c/Users/Public/Git/naveendemogit2024 (main)
$ git status
On branch main
Your branch is up to date with 'origin/main'.

Untracked files:
  (use "git add <file>..." to include in what will be committed)
        file-a.txt

nothing added to commit but untracked files present (use "git add" to track)

Dell@NTR MINGW64 /c/Users/Public/Git/naveendemogit2024 (main)
$ git add .

Dell@NTR MINGW64 /c/Users/Public/Git/naveendemogit2024 (main)
$ git commit "adding firstfile"
error: pathspec 'adding firstfile' did not match any file(s) known to git

Dell@NTR MINGW64 /c/Users/Public/Git/naveendemogit2024 (main)
$ git commit -m "adding firstfile"
[main 9a12c88] adding firstfile
 1 file changed, 1 insertion(+)
 create mode 100644 file-a.txt

